Running test "cuts inside DCG do not bleed to outer scope #1"
Running test "cuts inside DCG do not bleed to outer scope #2"
Running test "cuts inside DCG do not bleed to outer scope #3"
Running test "cuts inside DCG do not bleed to outer scope #4"
Running test "cuts inside DCG do not bleed to outer scope #5"
Running test "cuts inside DCG do not bleed to outer scope #6"
Running test "cuts inside DCG do not bleed to outer scope #7"
Running test "cuts inside DCG do not bleed to outer scope #8"
