Running test "#2361 1"
Running test "#2361 2"
Running test "#2361 3"
Running test "#2361 4"
Running test "#2236 1"
Running test "#2236 2"
Running test "#2255 1"
Running test "#2255 2"
Running test "#2255 3"
Running test "#2255 4"
Running test "#2255 5"
Running test "#2255 6"
Running test "#2202 1"
Running test "#2062 1"
Running test "#2062 2"
Running test "#2062 3"
Running test "#2062 4"
Running test "#1977 1"
Running test "#1977 2"
Running test "#1977 3"
Running test "#1987 1"
