% Warning: Head hello(b,A) doesn't unify with any of [hello(a,B)] at line 7 of test.pl
