% Warning: Unknown macro fep # hello at line 91 of macros.pl
