   error(permission_error(modify,static_procedure,(',')/2),load/1).
